<project name="A2Junit" default="test" basedir=".">
  <description>
    simple example build file
  </description>
  <!-- set global properties for this build -->
  <property name="src" location="src/"/>
  <property name="build" location="build"/>
  <property name="doc" location="doc"/>
  <property name="lib" location="lib"/>



   <path id="lib.path">
    <fileset dir="${lib}">
      <include name="**/*.jar"/>
    </fileset>
  </path>
  
  <target name="init" depends="clean">
    <tstamp/><!-- Create the time stamp -->
    <mkdir dir="${build}"/>   <!-- Create the build directory -->
  </target>

  <target name="compile" depends="init" 
        description="compile the source">
    <javac classpathref="lib.path" includeantruntime="false" srcdir="${src}" destdir="${build}"/>

  </target>

  <target name="clean"
        description="clean up">
    <delete dir="${build}"/>
  </target>


<target name="test" depends="compile" description="Run test">
    <java classpath="build" classpathref="lib.path" classname="YOURPACKAGEHERE.MainTest"/>
</target>

</project>